// Jest Snapshot v1, https://goo.gl/fbAQLP

exports[`ProjectPage component renders the ProjectPage given props 1`] = `
<div
  className="ProjectPage"
>
  <div
    className="projectInfo"
  >
    <ul
      className="projectInfo_list"
    >
      <li
        className="projectPage_name"
      >
        test-class-name
      </li>
      <li
        className="projectPage_status"
      />
      <li
        className="projectPage_summary"
      />
      <li
        className="projectPage_room"
      >
        Room: 
      </li>
      <li
        className="projectPage_type"
      />
      <li
        className="projectPage_estimated_cost"
      >
        Cost: 
      </li>
      <li
        className="projectPage_total_time"
      >
        Time: 
      </li>
      <li
        className="projectPage_details"
      />
      <li>
        <div
          className="project_date"
        >
          <div
            className="project_date-created"
          >
            Created:
             
            <span
              className="Date"
            >
              January 22nd 2020
            </span>
          </div>
        </div>
      </li>
    </ul>
  </div>
  <div
    className="ProjectCommands"
  >
    <Link
      className="Project_Link"
      to="/view-project-estimates/1"
    >
      View Estimates
    </Link>
    <Link
      className="Project_Link"
      to="/add-estimate/1"
    >
      Add Estimate
    </Link>
    <Link
      className="Project_Link"
      to="/edit-project/1"
    >
      Edit Project
    </Link>
  </div>
  <button
    className="Project_Delete"
    onClick={[Function]}
    type="button"
  >
    Delete
  </button>
</div>
`;
