// Jest Snapshot v1, https://goo.gl/fbAQLP

exports[`ViewCurrentProjects component renders a .ViewCurrentProjectList by default 1`] = `
<div
  className="ViewCurrentProjects"
>
  <Link
    className="AddProject_link"
    to="/add-project"
  >
    Add Project
  </Link>
  <ul
    className="ViewCurrentProjects_list"
  />
</div>
`;

exports[`ViewCurrentProjects component renders a Project in ul for each project in array 1`] = `
<ul
  className="ViewCurrentProjects_list"
/>
`;
